// Jest Snapshot v1, https://goo.gl/fbAQLP

exports[`EventsList should render event items 1`] = `
<div>
  <div
    class="list-wrapper"
  >
    <div
      class="MuiBox-root css-19midj6"
    >
      <h4
        class="MuiTypography-root MuiTypography-h4 MuiTypography-gutterBottom css-1vw6mcs-MuiTypography-root"
      >
        Events List
      </h4>
      <div
        class="MuiFormControl-root css-co7lcf-MuiFormControl-root"
      >
        <label
          class="MuiFormLabel-root MuiInputLabel-root MuiInputLabel-formControl MuiInputLabel-animated MuiInputLabel-shrink MuiInputLabel-sizeMedium MuiInputLabel-outlined MuiFormLabel-colorPrimary MuiFormLabel-filled MuiInputLabel-root MuiInputLabel-formControl MuiInputLabel-animated MuiInputLabel-shrink MuiInputLabel-sizeMedium MuiInputLabel-outlined css-1jy569b-MuiFormLabel-root-MuiInputLabel-root"
          data-shrink="true"
          id="items-per-page-label"
        >
          Items per page
        </label>
        <div
          class="MuiInputBase-root MuiOutlinedInput-root MuiInputBase-colorPrimary MuiInputBase-formControl  css-1yk1gt9-MuiInputBase-root-MuiOutlinedInput-root-MuiSelect-root"
        >
          <div
            aria-controls=":r1:"
            aria-expanded="false"
            aria-haspopup="listbox"
            aria-labelledby="items-per-page-label"
            class="MuiSelect-select MuiSelect-outlined MuiInputBase-input MuiOutlinedInput-input css-11u53oe-MuiSelect-select-MuiInputBase-input-MuiOutlinedInput-input"
            role="combobox"
            tabindex="0"
          >
            10
          </div>
          <input
            aria-hidden="true"
            aria-invalid="false"
            class="MuiSelect-nativeInput css-yf8vq0-MuiSelect-nativeInput"
            tabindex="-1"
            value="10"
          />
          <svg
            aria-hidden="true"
            class="MuiSvgIcon-root MuiSvgIcon-fontSizeMedium MuiSelect-icon MuiSelect-iconOutlined css-hfutr2-MuiSvgIcon-root-MuiSelect-icon"
            data-testid="ArrowDropDownIcon"
            focusable="false"
            viewBox="0 0 24 24"
          >
            <path
              d="M7 10l5 5 5-5z"
            />
          </svg>
          <fieldset
            aria-hidden="true"
            class="MuiOutlinedInput-notchedOutline css-1d3z3hw-MuiOutlinedInput-notchedOutline"
          >
            <legend
              class="css-14lo706"
            >
              <span>
                Items per page
              </span>
            </legend>
          </fieldset>
        </div>
      </div>
      <ul
        class="MuiList-root MuiList-padding css-h4y409-MuiList-root"
      >
        <div
          class="MuiButtonBase-root MuiListItem-root MuiListItem-gutters MuiListItem-padding MuiListItem-button MuiListItem-alignItemsFlexStart css-1f57v5v-MuiButtonBase-root-MuiListItem-root"
          role="button"
          tabindex="0"
        >
          <div
            class="MuiListItemAvatar-root MuiListItemAvatar-alignItemsFlexStart css-1m6607n-MuiListItemAvatar-root"
          >
            <div
              class="MuiAvatar-root MuiAvatar-circular MuiAvatar-colorDefault css-17o22dy-MuiAvatar-root"
            >
              <svg
                aria-hidden="true"
                class="MuiSvgIcon-root MuiSvgIcon-fontSizeMedium css-i4bv87-MuiSvgIcon-root"
                data-testid="EventIcon"
                focusable="false"
                viewBox="0 0 24 24"
              >
                <path
                  d="M17 12h-5v5h5zM16 1v2H8V1H6v2H5c-1.11 0-1.99.9-1.99 2L3 19c0 1.1.89 2 2 2h14c1.1 0 2-.9 2-2V5c0-1.1-.9-2-2-2h-1V1zm3 18H5V8h14z"
                />
              </svg>
            </div>
          </div>
          <div
            class="MuiListItemText-root MuiListItemText-multiline css-konndc-MuiListItemText-root"
          >
            <span
              class="MuiTypography-root MuiTypography-body1 MuiListItemText-primary css-10hburv-MuiTypography-root"
            >
              Event 1
            </span>
            <p
              class="MuiTypography-root MuiTypography-body2 MuiListItemText-secondary css-83ijpv-MuiTypography-root"
            >
              <span
                class="MuiTypography-root MuiTypography-body2 css-1phucj-MuiTypography-root"
              >
                2024-07-01
              </span>
               — Description 1
            </p>
          </div>
          <span
            class="MuiTouchRipple-root css-8je8zh-MuiTouchRipple-root"
          />
        </div>
        <div
          class="MuiButtonBase-root MuiListItem-root MuiListItem-gutters MuiListItem-padding MuiListItem-button MuiListItem-alignItemsFlexStart css-1f57v5v-MuiButtonBase-root-MuiListItem-root"
          role="button"
          tabindex="0"
        >
          <div
            class="MuiListItemAvatar-root MuiListItemAvatar-alignItemsFlexStart css-1m6607n-MuiListItemAvatar-root"
          >
            <div
              class="MuiAvatar-root MuiAvatar-circular MuiAvatar-colorDefault css-17o22dy-MuiAvatar-root"
            >
              <svg
                aria-hidden="true"
                class="MuiSvgIcon-root MuiSvgIcon-fontSizeMedium css-i4bv87-MuiSvgIcon-root"
                data-testid="EventIcon"
                focusable="false"
                viewBox="0 0 24 24"
              >
                <path
                  d="M17 12h-5v5h5zM16 1v2H8V1H6v2H5c-1.11 0-1.99.9-1.99 2L3 19c0 1.1.89 2 2 2h14c1.1 0 2-.9 2-2V5c0-1.1-.9-2-2-2h-1V1zm3 18H5V8h14z"
                />
              </svg>
            </div>
          </div>
          <div
            class="MuiListItemText-root MuiListItemText-multiline css-konndc-MuiListItemText-root"
          >
            <span
              class="MuiTypography-root MuiTypography-body1 MuiListItemText-primary css-10hburv-MuiTypography-root"
            >
              Event 2
            </span>
            <p
              class="MuiTypography-root MuiTypography-body2 MuiListItemText-secondary css-83ijpv-MuiTypography-root"
            >
              <span
                class="MuiTypography-root MuiTypography-body2 css-1phucj-MuiTypography-root"
              >
                2024-07-02
              </span>
               — Description 2
            </p>
          </div>
          <span
            class="MuiTouchRipple-root css-8je8zh-MuiTouchRipple-root"
          />
        </div>
      </ul>
      <button
        class="MuiButtonBase-root MuiButton-root MuiButton-contained MuiButton-containedPrimary MuiButton-sizeMedium MuiButton-containedSizeMedium MuiButton-colorPrimary MuiButton-root MuiButton-contained MuiButton-containedPrimary MuiButton-sizeMedium MuiButton-containedSizeMedium MuiButton-colorPrimary css-1fu7jd5-MuiButtonBase-root-MuiButton-root"
        tabindex="0"
        type="button"
      >
        Add Event
        <span
          class="MuiTouchRipple-root css-8je8zh-MuiTouchRipple-root"
        />
      </button>
      <div
        class="MuiBox-root css-kl1xo3"
      >
        <nav
          aria-label="pagination navigation"
          class="MuiPagination-root MuiPagination-text css-1oj2twp-MuiPagination-root"
        >
          <ul
            class="MuiPagination-ul css-wjh20t-MuiPagination-ul"
          >
            <li>
              <button
                aria-label="Go to previous page"
                class="MuiButtonBase-root Mui-disabled MuiPaginationItem-root MuiPaginationItem-sizeMedium MuiPaginationItem-text MuiPaginationItem-circular MuiPaginationItem-colorPrimary MuiPaginationItem-textPrimary Mui-disabled MuiPaginationItem-previousNext css-1to7aaw-MuiButtonBase-root-MuiPaginationItem-root"
                disabled=""
                tabindex="-1"
                type="button"
              >
                <svg
                  aria-hidden="true"
                  class="MuiSvgIcon-root MuiSvgIcon-fontSizeMedium MuiPaginationItem-icon css-g2z002-MuiSvgIcon-root-MuiPaginationItem-icon"
                  data-testid="NavigateBeforeIcon"
                  focusable="false"
                  viewBox="0 0 24 24"
                >
                  <path
                    d="M15.41 7.41L14 6l-6 6 6 6 1.41-1.41L10.83 12z"
                  />
                </svg>
              </button>
            </li>
            <li>
              <button
                aria-current="true"
                aria-label="page 1"
                class="MuiButtonBase-root MuiPaginationItem-root MuiPaginationItem-sizeMedium MuiPaginationItem-text MuiPaginationItem-circular MuiPaginationItem-colorPrimary MuiPaginationItem-textPrimary Mui-selected MuiPaginationItem-page css-1to7aaw-MuiButtonBase-root-MuiPaginationItem-root"
                tabindex="0"
                type="button"
              >
                1
                <span
                  class="MuiTouchRipple-root css-8je8zh-MuiTouchRipple-root"
                />
              </button>
            </li>
            <li>
              <button
                aria-label="Go to next page"
                class="MuiButtonBase-root Mui-disabled MuiPaginationItem-root MuiPaginationItem-sizeMedium MuiPaginationItem-text MuiPaginationItem-circular MuiPaginationItem-colorPrimary MuiPaginationItem-textPrimary Mui-disabled MuiPaginationItem-previousNext css-1to7aaw-MuiButtonBase-root-MuiPaginationItem-root"
                disabled=""
                tabindex="-1"
                type="button"
              >
                <svg
                  aria-hidden="true"
                  class="MuiSvgIcon-root MuiSvgIcon-fontSizeMedium MuiPaginationItem-icon css-g2z002-MuiSvgIcon-root-MuiPaginationItem-icon"
                  data-testid="NavigateNextIcon"
                  focusable="false"
                  viewBox="0 0 24 24"
                >
                  <path
                    d="M10 6L8.59 7.41 13.17 12l-4.58 4.59L10 18l6-6z"
                  />
                </svg>
              </button>
            </li>
          </ul>
        </nav>
      </div>
    </div>
  </div>
</div>
`;
